2024-11-01 11:43:55.051 INFO   [main] cn.jflow.boot.JFlowApplication - [org.springframework.boot.StartupInfoLogger : logStarting : 55] - Starting JFlowApplication on ccflow_007 with PID 64304 (D:\JFlow2024\jflow-web\target\classes started by 16026 in D:\JFlow2024)
2024-11-01 11:43:55.057 INFO   [main] cn.jflow.boot.JFlowApplication - [org.springframework.boot.SpringApplication : logStartupProfileInfo : 648] - No active profile set, falling back to default profiles: default
2024-11-01 11:43:56.429 INFO   [main] o.s.boot.web.embedded.tomcat.TomcatWebServer - [org.springframework.boot.web.embedded.tomcat.TomcatWebServer : initialize : 108] - Tomcat initialized with port(s): 8009 (http)
2024-11-01 11:43:56.438 INFO   [main] org.apache.catalina.core.StandardService - [org.apache.juli.logging.DirectJDKLog : log : 173] - Starting service [Tomcat]
2024-11-01 11:43:56.438 INFO   [main] org.apache.catalina.core.StandardEngine - [org.apache.juli.logging.DirectJDKLog : log : 173] - Starting Servlet engine: [Apache Tomcat/9.0.46]
2024-11-01 11:43:56.563 INFO   [main] o.a.c.core.ContainerBase.[Tomcat].[localhost].[/] - [org.apache.juli.logging.DirectJDKLog : log : 173] - Initializing Spring embedded WebApplicationContext
2024-11-01 11:43:56.563 INFO   [main] o.s.b.w.s.c.ServletWebServerApplicationContext - [org.springframework.boot.web.servlet.context.ServletWebServerApplicationContext : prepareWebApplicationContext : 285] - Root WebApplicationContext: initialization completed in 1467 ms
2024-11-01 11:43:57.237 INFO   [main] s.d.s.w.PropertySourcedRequestMappingHandlerMapping - [springfox.documentation.spring.web.PropertySourcedRequestMappingHandlerMapping : initHandlerMethods : 69] - Mapped URL path [/v2/api-docs] onto method [springfox.documentation.swagger2.web.Swagger2Controller#getDocumentation(String, HttpServletRequest)]
2024-11-01 11:43:57.296 INFO   [main] o.s.scheduling.concurrent.ThreadPoolTaskExecutor - [org.springframework.scheduling.concurrent.ExecutorConfigurationSupport : initialize : 181] - Initializing ExecutorService 'applicationTaskExecutor'
2024-11-01 11:43:57.349 INFO   [main] bp.difference.SystemConfig - [bp.difference.SystemConfig : getPhysicalPath : 491] - 打包后的物理地址-getPhysicalPath-380:D:\JFlow2024\jflow-core\target\classes
2024-11-01 11:43:57.512 INFO   [main] o.s.boot.web.embedded.tomcat.TomcatWebServer - [org.springframework.boot.web.embedded.tomcat.TomcatWebServer : start : 220] - Tomcat started on port(s): 8009 (http) with context path ''
2024-11-01 11:43:57.513 INFO   [main] s.d.s.web.plugins.DocumentationPluginsBootstrapper - [springfox.documentation.spring.web.plugins.DocumentationPluginsBootstrapper : start : 160] - Context refreshed
2024-11-01 11:43:57.527 INFO   [main] s.d.s.web.plugins.DocumentationPluginsBootstrapper - [springfox.documentation.spring.web.plugins.DocumentationPluginsBootstrapper : start : 163] - Found 1 custom documentation plugin(s)
2024-11-01 11:43:57.552 INFO   [main] s.d.spring.web.scanners.ApiListingReferenceScanner - [springfox.documentation.spring.web.scanners.ApiListingReferenceScanner : scan : 41] - Scanning for api listing references
2024-11-01 11:43:57.922 INFO   [main] cn.jflow.boot.JFlowApplication - [org.springframework.boot.StartupInfoLogger : logStarted : 61] - Started JFlowApplication in 3.238 seconds (JVM running for 4.014)
2024-11-01 11:45:00.632 INFO   [http-nio-8009-exec-1] o.a.c.core.ContainerBase.[Tomcat].[localhost].[/] - [org.apache.juli.logging.DirectJDKLog : log : 173] - Initializing Spring DispatcherServlet 'dispatcherServlet'
2024-11-01 11:45:00.634 INFO   [http-nio-8009-exec-1] org.springframework.web.servlet.DispatcherServlet - [org.springframework.web.servlet.FrameworkServlet : initServletBean : 525] - Initializing Servlet 'dispatcherServlet'
2024-11-01 11:45:00.654 INFO   [http-nio-8009-exec-1] org.springframework.web.servlet.DispatcherServlet - [org.springframework.web.servlet.FrameworkServlet : initServletBean : 547] - Completed initialization in 19 ms
2024-11-01 11:45:02.927 INFO   [http-nio-8009-exec-8] bp.da.Log - [bp.difference.handler.HttpHandlerBase : ProcessRequestPost : 42] - 方法[Login_Init]类[class bp.wf.httphandler.WF_Comm]，
2024-11-01 11:45:04.223 INFO   [http-nio-8009-exec-8] bp.difference.SystemConfig - [bp.difference.SystemConfig : getPhysicalPath : 491] - 打包后的物理地址-getPhysicalPath-380:D:\JFlow2024\jflow-core\target\classes
2024-11-01 11:45:05.443 INFO   [http-nio-8009-exec-8] bp.da.Log - [bp.en.ClassFactory : GetObjects : 89] - 扫描 bp.difference.handler.DirectoryPageBase 父类，共 24 子类：[class bp.ccoa.httphandler.CCOA_Knowledge, class bp.ccbill.WF_CCBill_Admin, class bp.ccbill.WF_CCBill_OptComponents, class bp.ccbill.WF_CCBill_Opt, class bp.App.Handler.DJXXHandler, class bp.ccbill.WF_CCBill_API, class bp.App.Handler.AppHandler, class bp.ccbill.WF_CCBill_Admin_Collection, class bp.ccbill.WF_CCBill_Portal, class bp.cloud.httphandler.Portal_SaaSOption, class bp.cloud.httphandler.Portal_SaaS, class bp.ccfast.ccmenu.PortPage, class bp.cloud.httphandler.Admin, class bp.nbport.CCMobileSSO, class bp.App.Handler_AD, class bp.ccbill.WF_CCBill_Admin_DBList, class bp.ccbill.WF_CCBill_Admin_Method, class bp.ccbill.WF_CCBill, class bp.ccbill.WF_CCBill_Admin_MethodDocSys, class bp.ccbill.WF_CCBill_Admin_MethodDoc, class bp.flowable.httphandler.flowable_AdminFlow, class bp.ccbill.CCBill_Plus, class bp.ccbill.WF_CCBill_OptOneFlow, class bp.App.YNJT.Handler_YNJT]
2024-11-01 11:45:05.446 INFO   [http-nio-8009-exec-8] bp.wf.httphandler.WF_Portal - [bp.wf.httphandler.WF_Portal : CheckIsDBInstall : 810] - 数据库类型：MySQL
2024-11-01 11:45:05.448 INFO   [http-nio-8009-exec-8] bp.wf.httphandler.WF_Portal - [bp.wf.httphandler.WF_Portal : CheckIsDBInstall : 811] - 数据库连接：jdbc:mysql://146.56.231.175:4316/qilinyanshi?useUnicode=true&characterEncoding=utf-8&useOldAliasMetadataBehavior=true&serverTimezone=Asia/Shanghai&allowMultiQueries=true
2024-11-01 11:45:05.451 INFO   [http-nio-8009-exec-8] com.zaxxer.hikari.HikariDataSource - [com.zaxxer.hikari.HikariDataSource : getConnection : 110] - qilinyanshi - Starting...
2024-11-01 11:45:06.643 INFO   [http-nio-8009-exec-8] com.zaxxer.hikari.HikariDataSource - [com.zaxxer.hikari.HikariDataSource : getConnection : 123] - qilinyanshi - Start completed.
2024-11-01 11:45:06.789 INFO   [http-nio-8009-exec-8] bp.da.Log - [bp.difference.handler.HttpHandlerBase : ProcessRequestPost : 42] - 方法[Login_InitInfo]类[class bp.wf.httphandler.WF_Comm]，
